Dump	==== reading... ============================
Read	.etc.ldap_conf.v."/etc/ldap.conf"."uri" "ldap://localhost:333"
Read	.etc.ldap_conf.v."/etc/openldap/ldap.conf".TLS_REQCERT "demand"
Read	.etc.ldap_conf.v."/etc/ldap.conf"."base" "dc=suse,dc=cz"
Read	.etc.ldap_conf.v."/etc/ldap.conf"."ssl" nil
Read	.etc.ldap_conf.v."/etc/ldap.conf"."tls_cacertdir" "/etc/openldap/cacerts/"
Read	.etc.ldap_conf.v."/etc/ldap.conf"."tls_cacertfile" nil
Read	.etc.ldap_conf.v."/etc/ldap.conf"."tls_checkpeer" "no"
Read	.etc.ldap_conf.v."/etc/ldap.conf"."nss_base_passwd" nil
Read	.etc.ldap_conf.v."/etc/ldap.conf"."nss_base_shadow" nil
Read	.etc.ldap_conf.v."/etc/ldap.conf"."nss_base_group" nil
Read	.etc.ldap_conf.v."/etc/ldap.conf"."nss_base_automount" nil
Read	.etc.ldap_conf.v."/etc/ldap.conf"."pam_password" "crypt"
Read	.sysconfig.ldap.BASE_CONFIG_DN nil
Read	.sysconfig.ldap.FILE_SERVER "no"
Read	.sysconfig.ldap.BIND_DN "uid=manager,dc=suse,dc=cz"
Read	.etc.ldap_conf.v."/etc/ldap.conf"."nss_map_attribute" 0
Execute	.passwd.init $["base_directory":"/etc"] true
Read	.passwd.passwd.pluslines ["+"]
Return	true
Dump	============================================
Dump	ldap used: -true-
Dump	nsswitch: -$["group":["compat"], "group_compat":["ldap"], "passwd":["compat"], "passwd_compat":["ldap"]]-
Dump	base config DN: --
Dump	bind DN: -uid=manager,dc=suse,dc=cz-
Dump	server: -localhost:333-
